[jobie.dexignzone.com/mobile-app/xhtml/index.html]
[backblue.gif]
[fade.gif]
[index.html]
[jobie.dexignzone.com/mobile-app/xhtml/social-image.png]
[jobie.dexignzone.com/mobile-app/xhtml/assets/images/favicon.png]
[jobie.dexignzone.com/mobile-app/xhtml/manifest.json]
[jobie.dexignzone.com/mobile-app/xhtml/assets/images/author/pic1.png]
[jobie.dexignzone.com/mobile-app/xhtml/welcome.html]
[jobie.dexignzone.com/mobile-app/xhtml/pages.html]
[jobie.dexignzone.com/mobile-app/xhtml/ui-components.html]
[jobie.dexignzone.com/mobile-app/xhtml/notification.html]
[jobie.dexignzone.com/mobile-app/xhtml/profile.html]
[jobie.dexignzone.com/mobile-app/xhtml/messages.html]
[jobie.dexignzone.com/mobile-app/xhtml/onboading.html]
[jobie.dexignzone.com/mobile-app/xhtml/search.html]
[jobie.dexignzone.com/mobile-app/xhtml/assets/images/logo/logo.png]
[jobie.dexignzone.com/mobile-app/xhtml/job-detail.html]
[jobie.dexignzone.com/mobile-app/xhtml/assets/images/logo/company-logo1.png]
[jobie.dexignzone.com/mobile-app/xhtml/assets/images/logo/company-logo2.png]
[jobie.dexignzone.com/mobile-app/xhtml/assets/images/logo/company-logo3.png]
[jobie.dexignzone.com/mobile-app/xhtml/assets/images/icon.png]
[jobie.dexignzone.com/mobile-app/xhtml/index.html]
[jobie.dexignzone.com/mobile-app/xhtml/assets/images/vector.png]
[jobie.dexignzone.com/mobile-app/xhtml/assets/css/style.css]
[jobie.dexignzone.com/mobile-app/xhtml/assets/vendor/swiper/swiper-bundle.min.css]
[jobie.dexignzone.com/mobile-app/xhtml/login.html]
[jobie.dexignzone.com/mobile-app/xhtml/welcome.html]
[jobie.dexignzone.com/mobile-app/xhtml/apply-form.html]
[jobie.dexignzone.com/mobile-app/xhtml/company-detail.html]
[jobie.dexignzone.com/mobile-app/xhtml/forgot-password.html]
[jobie.dexignzone.com/mobile-app/xhtml/otp-confirm.html]
[jobie.dexignzone.com/mobile-app/xhtml/messages-detail.html]
[jobie.dexignzone.com/mobile-app/xhtml/register.html]
[jobie.dexignzone.com/mobile-app/xhtml/error.html]
[jobie.dexignzone.com/mobile-app/xhtml/pages.html]
[jobie.dexignzone.com/mobile-app/xhtml/ui-accordion.html]
[jobie.dexignzone.com/mobile-app/xhtml/ui-action-modal.html]
[jobie.dexignzone.com/mobile-app/xhtml/ui-action-sheet.html]
[jobie.dexignzone.com/mobile-app/xhtml/ui-alert.html]
[jobie.dexignzone.com/mobile-app/xhtml/ui-button.html]
[jobie.dexignzone.com/mobile-app/xhtml/ui-radio.html]
[jobie.dexignzone.com/mobile-app/xhtml/ui-badge.html]
[jobie.dexignzone.com/mobile-app/xhtml/ui-button-group.html]
[jobie.dexignzone.com/mobile-app/xhtml/ui-card.html]
[jobie.dexignzone.com/mobile-app/xhtml/ui-chips.html]
[jobie.dexignzone.com/mobile-app/xhtml/ui-dropdown.html]
[jobie.dexignzone.com/mobile-app/xhtml/ui-input.html]
[jobie.dexignzone.com/mobile-app/xhtml/ui-timeline.html]
[jobie.dexignzone.com/mobile-app/xhtml/ui-list-group.html]
[jobie.dexignzone.com/mobile-app/xhtml/ui-modal.html]
[jobie.dexignzone.com/mobile-app/xhtml/ui-progressbar.html]
[jobie.dexignzone.com/mobile-app/xhtml/ui-social.html]
[jobie.dexignzone.com/mobile-app/xhtml/ui-typography.html]
[jobie.dexignzone.com/mobile-app/xhtml/ui-toast.html]
[jobie.dexignzone.com/mobile-app/xhtml/ui-treeview.html]
[jobie.dexignzone.com/mobile-app/xhtml/ui-tab.html]
[jobie.dexignzone.com/mobile-app/xhtml/ui-switch.html]
[jobie.dexignzone.com/mobile-app/xhtml/ui-swiper.html]
[jobie.dexignzone.com/mobile-app/xhtml/ui-stepper.html]
[jobie.dexignzone.com/mobile-app/xhtml/ui-spinner.html]
[jobie.dexignzone.com/mobile-app/xhtml/ui-range-slider.html]
[jobie.dexignzone.com/mobile-app/xhtml/ui-lightgallery.html]
[jobie.dexignzone.com/mobile-app/xhtml/ui-divider.html]
[jobie.dexignzone.com/mobile-app/xhtml/language.html]
[jobie.dexignzone.com/mobile-app/xhtml/ui-components.html]
[jobie.dexignzone.com/mobile-app/xhtml/notification.html]
[jobie.dexignzone.com/mobile-app/xhtml/assets/images/bg2.png]
[jobie.dexignzone.com/mobile-app/xhtml/assets/images/message/pic6.jpg]
[jobie.dexignzone.com/mobile-app/xhtml/profile.html]
[jobie.dexignzone.com/mobile-app/xhtml/assets/images/message/pic1.jpg]
[jobie.dexignzone.com/mobile-app/xhtml/assets/images/message/pic2.jpg]
[jobie.dexignzone.com/mobile-app/xhtml/assets/images/message/pic3.jpg]
[jobie.dexignzone.com/mobile-app/xhtml/assets/images/message/pic4.jpg]
[jobie.dexignzone.com/mobile-app/xhtml/assets/images/message/pic5.jpg]
[jobie.dexignzone.com/mobile-app/xhtml/messages.html]
[jobie.dexignzone.com/mobile-app/xhtml/onboading.html]
[jobie.dexignzone.com/mobile-app/xhtml/search.html]
[jobie.dexignzone.com/mobile-app/xhtml/job-detail.html]
[jobie.dexignzone.com/mobile-app/xhtml/assets/js/jquery.js]
[jobie.dexignzone.com/mobile-app/xhtml/assets/vendor/bootstrap/js/bootstrap.bundle.min.js]
[jobie.dexignzone.com/mobile-app/xhtml/assets/js/dz.carousel.js]
[jobie.dexignzone.com/mobile-app/xhtml/assets/vendor/swiper/swiper-bundle.min.js]
[jobie.dexignzone.com/mobile-app/xhtml/assets/js/settings.js]
[jobie.dexignzone.com/mobile-app/xhtml/assets/js/custom.js]
[jobie.dexignzone.com/mobile-app/xhtml/index.js]
[jobie.dexignzone.com/mobile-app/xhtml/assets/vendor/fontawesome/webfonts/fa-brands-400.woff2]
[jobie.dexignzone.com/mobile-app/xhtml/assets/vendor/fontawesome/webfonts/fa-brands-400.ttf]
[jobie.dexignzone.com/mobile-app/xhtml/assets/vendor/fontawesome/webfonts/fa-regular-400.woff2]
[jobie.dexignzone.com/mobile-app/xhtml/assets/vendor/fontawesome/webfonts/fa-regular-400.ttf]
[jobie.dexignzone.com/mobile-app/xhtml/assets/vendor/fontawesome/webfonts/fa-solid-900.woff2]
[jobie.dexignzone.com/mobile-app/xhtml/assets/vendor/fontawesome/webfonts/fa-solid-900.ttf]
[jobie.dexignzone.com/mobile-app/xhtml/assets/vendor/fontawesome/webfonts/fa-v4compatibility.woff2]
[jobie.dexignzone.com/mobile-app/xhtml/assets/vendor/fontawesome/webfonts/fa-v4compatibility.ttf]
[jobie.dexignzone.com/mobile-app/xhtml/assets/vendor/fontawesome/css/all.min.css]
[jobie.dexignzone.com/mobile-app/xhtml/assets/vendor/flaticon-old/flaticon1486.ttf]
[jobie.dexignzone.com/mobile-app/xhtml/assets/vendor/flaticon-old/flaticon1486.woff]
[jobie.dexignzone.com/mobile-app/xhtml/assets/vendor/flaticon-old/flaticon1486.woff2]
[jobie.dexignzone.com/mobile-app/xhtml/assets/vendor/flaticon-old/flaticon1486.eot]
[jobie.dexignzone.com/mobile-app/xhtml/assets/vendor/flaticon-old/flaticon.css]
[jobie.dexignzone.com/mobile-app/xhtml/assets/vendor/uicons-solid-rounded/webfonts/uicons-solid-rounded.eot]
[jobie.dexignzone.com/mobile-app/xhtml/assets/vendor/uicons-solid-rounded/webfonts/uicons-solid-rounded.woff2]
[jobie.dexignzone.com/mobile-app/xhtml/assets/vendor/uicons-solid-rounded/webfonts/uicons-solid-rounded.woff]
[jobie.dexignzone.com/mobile-app/xhtml/assets/vendor/uicons-solid-rounded/css/uicons-solid-rounded.css]
[jobie.dexignzone.com/mobile-app/xhtml/assets/vendor/line-awesome/fonts/la-brands-400.eot]
[jobie.dexignzone.com/mobile-app/xhtml/assets/vendor/line-awesome/fonts/la-brands-400d41d.eot]
[jobie.dexignzone.com/mobile-app/xhtml/assets/vendor/line-awesome/fonts/la-brands-400.woff2]
[jobie.dexignzone.com/mobile-app/xhtml/assets/vendor/line-awesome/fonts/la-brands-400.woff]
[jobie.dexignzone.com/mobile-app/xhtml/assets/vendor/line-awesome/fonts/la-brands-400.ttf]
[jobie.dexignzone.com/mobile-app/xhtml/assets/vendor/line-awesome/fonts/la-regular-400.eot]
[jobie.dexignzone.com/mobile-app/xhtml/assets/vendor/line-awesome/fonts/la-regular-400d41d.eot]
[jobie.dexignzone.com/mobile-app/xhtml/assets/vendor/line-awesome/fonts/la-regular-400.woff2]
[jobie.dexignzone.com/mobile-app/xhtml/assets/vendor/line-awesome/fonts/la-regular-400.woff]
[jobie.dexignzone.com/mobile-app/xhtml/assets/vendor/line-awesome/fonts/la-regular-400.ttf]
[jobie.dexignzone.com/mobile-app/xhtml/assets/vendor/line-awesome/fonts/la-solid-900.eot]
[jobie.dexignzone.com/mobile-app/xhtml/assets/vendor/line-awesome/fonts/la-solid-900d41d.eot]
[jobie.dexignzone.com/mobile-app/xhtml/assets/vendor/line-awesome/fonts/la-solid-900.woff2]
[jobie.dexignzone.com/mobile-app/xhtml/assets/vendor/line-awesome/fonts/la-solid-900.woff]
[jobie.dexignzone.com/mobile-app/xhtml/assets/vendor/line-awesome/fonts/la-solid-900.ttf]
[jobie.dexignzone.com/mobile-app/xhtml/assets/vendor/line-awesome/css/line-awesome.min.css]
[jobie.dexignzone.com/mobile-app/xhtml/assets/vendor/themify-icons/fonts/themify9f249f24.eot]
[jobie.dexignzone.com/mobile-app/xhtml/assets/vendor/themify-icons/fonts/themifyd41dd41d.eot]
[jobie.dexignzone.com/mobile-app/xhtml/assets/vendor/themify-icons/fonts/themify.woff]
[jobie.dexignzone.com/mobile-app/xhtml/assets/vendor/themify-icons/fonts/themify.ttf]
[jobie.dexignzone.com/mobile-app/xhtml/assets/vendor/themify-icons/css/themify-icons.css]
[jobie.dexignzone.com/mobile-app/xhtml/assets/images/social/google.png]
[jobie.dexignzone.com/mobile-app/xhtml/assets/images/social/facebook.png]
[jobie.dexignzone.com/mobile-app/xhtml/login.html]
[jobie.dexignzone.com/mobile-app/xhtml/assets/images/welcome/wlc-2.svg]
[jobie.dexignzone.com/mobile-app/xhtml/assets/images/welcome/wlc-1.svg]
[jobie.dexignzone.com/mobile-app/xhtml/apply-form.html]
[jobie.dexignzone.com/mobile-app/xhtml/assets/images/bg1.png]
[jobie.dexignzone.com/mobile-app/xhtml/company-detail.html]
[jobie.dexignzone.com/mobile-app/xhtml/forgot-password.html]
[jobie.dexignzone.com/mobile-app/xhtml/otp-confirm.html]
[jobie.dexignzone.com/mobile-app/xhtml/assets/images/emoji/emoji-1.png]
[jobie.dexignzone.com/mobile-app/xhtml/assets/images/emoji/emoji-2.png]
[jobie.dexignzone.com/mobile-app/xhtml/assets/images/emoji/emoji-3.png]
[jobie.dexignzone.com/mobile-app/xhtml/assets/images/emoji/emoji-4.png]
[jobie.dexignzone.com/mobile-app/xhtml/assets/images/emoji/emoji-5.png]
[jobie.dexignzone.com/mobile-app/xhtml/assets/images/emoji/emoji-6.png]
[jobie.dexignzone.com/mobile-app/xhtml/assets/images/emoji/emoji-7.png]
[jobie.dexignzone.com/mobile-app/xhtml/messages-detail.html]
[jobie.dexignzone.com/mobile-app/xhtml/register.html]
[jobie.dexignzone.com/mobile-app/xhtml/error.html]
[jobie.dexignzone.com/mobile-app/xhtml/ui-accordion.html]
[jobie.dexignzone.com/mobile-app/xhtml/ui-action-modal.html]
[jobie.dexignzone.com/mobile-app/xhtml/ui-action-sheet.html]
[jobie.dexignzone.com/mobile-app/xhtml/ui-alert.html]
[jobie.dexignzone.com/mobile-app/xhtml/ui-button.html]
[jobie.dexignzone.com/mobile-app/xhtml/ui-radio.html]
[jobie.dexignzone.com/mobile-app/xhtml/ui-badge.html]
[jobie.dexignzone.com/mobile-app/xhtml/ui-button-group.html]
[jobie.dexignzone.com/mobile-app/xhtml/ui-card.html]
[jobie.dexignzone.com/mobile-app/xhtml/ui-chips.html]
[jobie.dexignzone.com/mobile-app/xhtml/ui-dropdown.html]
[jobie.dexignzone.com/mobile-app/xhtml/ui-input.html]
[jobie.dexignzone.com/mobile-app/xhtml/assets/images/avatar/7.jpg]
[jobie.dexignzone.com/mobile-app/xhtml/assets/images/avatar/8.jpg]
[jobie.dexignzone.com/mobile-app/xhtml/ui-timeline.html]
[jobie.dexignzone.com/mobile-app/xhtml/assets/images/avatar/1.jpg]
[jobie.dexignzone.com/mobile-app/xhtml/assets/images/avatar/2.jpg]
[jobie.dexignzone.com/mobile-app/xhtml/assets/images/avatar/3.jpg]
[jobie.dexignzone.com/mobile-app/xhtml/assets/images/avatar/4.jpg]
[jobie.dexignzone.com/mobile-app/xhtml/assets/images/avatar/5.jpg]
[jobie.dexignzone.com/mobile-app/xhtml/assets/images/avatar/6.jpg]
[jobie.dexignzone.com/mobile-app/xhtml/ui-list-group.html]
[jobie.dexignzone.com/mobile-app/xhtml/ui-modal.html]
[jobie.dexignzone.com/mobile-app/xhtml/ui-progressbar.html]
[jobie.dexignzone.com/mobile-app/xhtml/ui-social.html]
[jobie.dexignzone.com/mobile-app/xhtml/ui-typography.html]
[jobie.dexignzone.com/mobile-app/xhtml/ui-toast.html]
[jobie.dexignzone.com/mobile-app/xhtml/ui-treeview.html]
[jobie.dexignzone.com/mobile-app/xhtml/ui-tab.html]
[jobie.dexignzone.com/mobile-app/xhtml/ui-switch.html]
[swiperjs.com/demos/images/nature-1.jpg]
[swiperjs.com/demos/images/nature-2.jpg]
[swiperjs.com/demos/images/nature-3.jpg]
[swiperjs.com/demos/images/nature-4.jpg]
[swiperjs.com/demos/images/nature-5.jpg]
[swiperjs.com/demos/images/nature-6.jpg]
[jobie.dexignzone.com/mobile-app/xhtml/ui-swiper.html]
[jobie.dexignzone.com/mobile-app/xhtml/ui-stepper.html]
[jobie.dexignzone.com/mobile-app/xhtml/ui-spinner.html]
[jobie.dexignzone.com/mobile-app/xhtml/ui-range-slider.html]
[jobie.dexignzone.com/mobile-app/xhtml/assets/images/office/pic1.jpg]
[jobie.dexignzone.com/mobile-app/xhtml/assets/images/office/pic2.jpg]
[jobie.dexignzone.com/mobile-app/xhtml/assets/images/office/pic3.jpg]
[jobie.dexignzone.com/mobile-app/xhtml/assets/images/office/pic4.jpg]
[jobie.dexignzone.com/mobile-app/xhtml/assets/images/office/pic5.jpg]
[jobie.dexignzone.com/mobile-app/xhtml/assets/images/office/pic6.jpg]
[jobie.dexignzone.com/mobile-app/xhtml/ui-lightgallery.html]
[jobie.dexignzone.com/mobile-app/xhtml/ui-divider.html]
[jobie.dexignzone.com/mobile-app/xhtml/language.html]
[jobie.dexignzone.com/mobile-app/xhtml/assets/vendor/peity/jquery.peity.min.js]
[jobie.dexignzone.com/mobile-app/xhtml/assets/js/dashboard/dashboard-1.js]
[jobie.dexignzone.com/mobile-app/xhtml/assets/vendor/wow/css/libs/animate.css]
[jobie.dexignzone.com/mobile-app/xhtml/assets/images/svg/business.svg]
[jobie.dexignzone.com/mobile-app/xhtml/assets/images/svg/pie-chart.svg]
[jobie.dexignzone.com/mobile-app/xhtml/assets/images/svg/interview.svg]
[jobie.dexignzone.com/mobile-app/xhtml/assets/vendor/wow/dist/wow.min.js]
[jobie.dexignzone.com/mobile-app/xhtml/assets/vendor/bootstrap-tagsinput/bootstrap-tagsinput.css]
[jobie.dexignzone.com/mobile-app/xhtml/app.js]
[jobie.dexignzone.com/mobile-app/xhtml/assets/vendor/flaticon-old/flaticon1486.svg]
[jobie.dexignzone.com/mobile-app/xhtml/assets/vendor/line-awesome/fonts/la-brands-400.svg]
[jobie.dexignzone.com/mobile-app/xhtml/assets/vendor/line-awesome/fonts/la-regular-400.svg]
[jobie.dexignzone.com/mobile-app/xhtml/assets/vendor/line-awesome/fonts/la-solid-900.svg]
[jobie.dexignzone.com/mobile-app/xhtml/assets/vendor/themify-icons/fonts/themify9f249f24.svg]
[jobie.dexignzone.com/mobile-app/xhtml/assets/vendor/imageuplodify/imageuploadify.min.css]
[jobie.dexignzone.com/mobile-app/xhtml/assets/images/logo/logo.svg]
[jobie.dexignzone.com/mobile-app/xhtml/assets/vendor/imageuplodify/imageuploadify.min.js]
[jobie.dexignzone.com/mobile-app/xhtml/assets/vendor/jstree/dist/themes/default/32px.png]
[jobie.dexignzone.com/mobile-app/xhtml/assets/vendor/jstree/dist/themes/default/throbber.gif]
[jobie.dexignzone.com/mobile-app/xhtml/assets/vendor/jstree/dist/themes/default/40px.png]
[jobie.dexignzone.com/mobile-app/xhtml/assets/vendor/jstree/dist/themes/default/style.min.css]
[jobie.dexignzone.com/mobile-app/xhtml/assets/js/treeview.init.js]
[jobie.dexignzone.com/mobile-app/xhtml/assets/vendor/jstree/dist/jstree.min.js]
[jobie.dexignzone.com/mobile-app/xhtml/assets/vendor/bootstrap-touchspin/dist/jquery.bootstrap-touchspin.min.css]
[jobie.dexignzone.com/mobile-app/xhtml/assets/vendor/bootstrap-touchspin/dist/jquery.bootstrap-touchspin.min.js]
[jobie.dexignzone.com/mobile-app/xhtml/assets/vendor/nouislider/nouislider.min.css]
[jobie.dexignzone.com/mobile-app/xhtml/assets/vendor/nouislider/nouislider.min.js]
[jobie.dexignzone.com/mobile-app/xhtml/assets/vendor/wnumb/wNumb.js]
[jobie.dexignzone.com/mobile-app/xhtml/assets/js/noui-slider.init.js]
[jobie.dexignzone.com/mobile-app/xhtml/assets/vendor/lightgallery/dist/fonts/lgb687.woff2]
[jobie.dexignzone.com/mobile-app/xhtml/assets/vendor/lightgallery/dist/fonts/lgb687.ttf]
[jobie.dexignzone.com/mobile-app/xhtml/assets/vendor/lightgallery/dist/fonts/lgb687.woff]
[jobie.dexignzone.com/mobile-app/xhtml/assets/vendor/lightgallery/dist/images/loading.gif]
[jobie.dexignzone.com/mobile-app/xhtml/assets/vendor/lightgallery/dist/css/lightgallery.css]
[jobie.dexignzone.com/mobile-app/xhtml/assets/vendor/lightgallery/dist/css/lg-thumbnail.css]
[jobie.dexignzone.com/mobile-app/xhtml/assets/vendor/lightgallery/dist/css/lg-zoom.css]
[jobie.dexignzone.com/mobile-app/xhtml/assets/vendor/lightgallery/dist/lightgallery.umd.js]
[jobie.dexignzone.com/mobile-app/xhtml/assets/vendor/lightgallery/dist/plugins/thumbnail/lg-thumbnail.umd.js]
[jobie.dexignzone.com/mobile-app/xhtml/assets/vendor/lightgallery/dist/plugins/zoom/lg-zoom.umd.js]
[jobie.dexignzone.com/mobile-app/xhtml/assets/vendor/lightgallery/dist/fonts/lgb687.svg]
